<html>
<body>
<pre>
<h1>µVision Build Log</h1>
<h2>Project:</h2>
E:\STM32_USB-Host-Device_Lib_V2.1.0\STM32_USB-Host-Device_Lib_V2.1.0\Project\USB_Device_Examples\AUDIO\MDK-ARM\usbd_audio.uvproj
Project File Date:  07/11/2017

<h2>Output:</h2>
Build target 'STM324xG-EVAL_USBD-FS'
compiling usbd_audio_core.c...
..\..\..\..\Libraries\STM32_USB_Device_Library\Class\audio\src\usbd_audio_core.c(542): error:  #20: identifier "wr_buf_pt" is undefined
..\..\..\..\Libraries\STM32_USB_Device_Library\Class\audio\src\usbd_audio_core.c(543): error:  #20: identifier "feed_state" is undefined
..\..\..\..\Libraries\STM32_USB_Device_Library\Class\audio\src\usbd_audio_core.c(551): error:  #20: identifier "wr_buf_pt" is undefined
..\..\..\..\Libraries\STM32_USB_Device_Library\Class\audio\src\usbd_audio_core.c(552): error:  #20: identifier "feed_state" is undefined
..\..\..\..\Libraries\STM32_USB_Device_Library\Class\audio\src\usbd_audio_core.c(704): error:  #20: identifier "work_freq" is undefined
..\..\..\..\Libraries\STM32_USB_Device_Library\Class\audio\src\usbd_audio_core.c(710): error:  #20: identifier "work_freq" is undefined
..\..\..\..\Libraries\STM32_USB_Device_Library\Class\audio\src\usbd_audio_core.c(768): error:  #20: identifier "PlayFlag" is undefined
..\..\..\..\Libraries\STM32_USB_Device_Library\Class\audio\src\usbd_audio_core.c(772): error:  #20: identifier "total_size" is undefined
..\..\..\..\Libraries\STM32_USB_Device_Library\Class\audio\src\usbd_audio_core.c(774): error:  #20: identifier "total_size" is undefined
..\..\..\..\Libraries\STM32_USB_Device_Library\Class\audio\src\usbd_audio_core.c(777): error:  #20: identifier "work_freq" is undefined
..\..\..\..\Libraries\STM32_USB_Device_Library\Class\audio\src\usbd_audio_core.c(832): error:  #20: identifier "PlayFlag" is undefined
..\..\..\..\Libraries\STM32_USB_Device_Library\Class\audio\src\usbd_audio_core.c(841): error:  #20: identifier "feed" is undefined
..\..\..\..\Libraries\STM32_USB_Device_Library\Class\audio\src\usbd_audio_core.c(931): error:  #20: identifier "wr_buf_pt" is undefined
..\..\..\..\Libraries\STM32_USB_Device_Library\Class\audio\src\usbd_audio_core.c(961): error:  #20: identifier "wr_buf_pt" is undefined
..\..\..\..\Libraries\STM32_USB_Device_Library\Class\audio\src\usbd_audio_core.c(963): error:  #20: identifier "work_freq" is undefined
..\..\..\..\Libraries\STM32_USB_Device_Library\Class\audio\src\usbd_audio_core.c(969): error:  #20: identifier "work_freq" is undefined
..\..\..\..\Libraries\STM32_USB_Device_Library\Class\audio\src\usbd_audio_core.c(981): error:  #20: identifier "work_freq" is undefined
..\..\..\..\Libraries\STM32_USB_Device_Library\Class\audio\src\usbd_audio_core.c(984): error:  #20: identifier "feed_freq" is undefined
..\..\..\..\Libraries\STM32_USB_Device_Library\Class\audio\src\usbd_audio_core.c(984): error:  #20: identifier "feed_freq" is undefined
..\..\..\..\Libraries\STM32_USB_Device_Library\Class\audio\src\usbd_audio_core.c(988): error:  #20: identifier "feed_freq" is undefined
..\..\..\..\Libraries\STM32_USB_Device_Library\Class\audio\src\usbd_audio_core.c(988): error:  #20: identifier "feed_freq" is undefined
..\..\..\..\Libraries\STM32_USB_Device_Library\Class\audio\src\usbd_audio_core.c(993): error:  #20: identifier "feed_freq" is undefined
..\..\..\..\Libraries\STM32_USB_Device_Library\Class\audio\src\usbd_audio_core.c(1001): error:  #20: identifier "feed_freq" is undefined
..\..\..\..\Libraries\STM32_USB_Device_Library\Class\audio\src\usbd_audio_core.c(1006): error:  #20: identifier "feed" is undefined
..\..\..\..\Libraries\STM32_USB_Device_Library\Class\audio\src\usbd_audio_core.c(1006): error:  #20: identifier "feed_freq" is undefined
..\..\..\..\Libraries\STM32_USB_Device_Library\Class\audio\src\usbd_audio_core.c(1017): error:  #20: identifier "PlayFlag" is undefined
..\..\..\..\Libraries\STM32_USB_Device_Library\Class\audio\src\usbd_audio_core.c(1020): error:  #20: identifier "feed_state" is undefined
..\..\..\..\Libraries\STM32_USB_Device_Library\Class\audio\src\usbd_audio_core.c(1028): error:  #20: identifier "feed" is undefined
".\STM324xG-EVAL\STM324xG-EVAL.axf" - 28 Errors, 0 Warning(s).
Target not created
Build target 'STM324xG-EVAL_USBD-FS'
compiling app.c...
..\..\..\..\Libraries\STM32_USB_Device_Library\Class\audio\inc\usbd_audio_core.h(185): error:  #235: variable "audio_dev" was declared with a never-completed type
compiling stm32fxxx_it.c...
..\..\..\..\Utilities\STM32_EVAL\Common\lcd_log.h(136): warning:  #64-D: declaration does not declare anything
..\..\..\..\Libraries\STM32_USB_Device_Library\Class\audio\inc\usbd_audio_core.h(185): error:  #235: variable "audio_dev" was declared with a never-completed type
compiling usb_bsp.c...
compiling usbd_usr.c...
..\..\..\..\Utilities\STM32_EVAL\Common\lcd_log.h(136): warning:  #64-D: declaration does not declare anything
compiling usbd_desc.c...
compiling usb_dcd_int.c...
..\..\..\..\Libraries\STM32_USB_OTG_Driver\src\usb_dcd_int.c(667): error:  #70: incomplete type is not allowed
..\..\..\..\Libraries\STM32_USB_OTG_Driver\src\usb_dcd_int.c(618): warning:  #177-D: variable "data" was declared but never referenced
..\..\..\..\Libraries\STM32_USB_Device_Library\Class\audio\inc\usbd_audio_core.h(185): error:  #235: variable "audio_dev" was declared with a never-completed type
compiling usbd_audio_out_if.c...
..\..\..\..\Libraries\STM32_USB_Device_Library\Class\audio\inc\usbd_audio_core.h(185): error:  #235: variable "audio_dev" was declared with a never-completed type
compiling usbd_audio_core.c...
compiling usbd_req.c...
..\..\..\..\Libraries\STM32_USB_Device_Library\Class\audio\inc\usbd_audio_core.h(185): error:  #235: variable "audio_dev" was declared with a never-completed type
compiling usbd_core.c...
compiling usbd_ioreq.c...
".\STM324xG-EVAL\STM324xG-EVAL.axf" - 6 Errors, 3 Warning(s).
Target not created
Build target 'STM324xG-EVAL_USBD-FS'
compiling app.c...
compiling stm32fxxx_it.c...
..\..\..\..\Utilities\STM32_EVAL\Common\lcd_log.h(136): warning:  #64-D: declaration does not declare anything
compiling usb_dcd_int.c...
..\..\..\..\Libraries\STM32_USB_OTG_Driver\src\usb_dcd_int.c(618): warning:  #177-D: variable "data" was declared but never referenced
compiling usbd_audio_out_if.c...
compiling usbd_audio_core.c...
compiling usbd_req.c...
linking...
.\STM324xG-EVAL\STM324xG-EVAL.axf: Error: L6200E: Symbol audio_dev multiply defined (by stm32fxxx_it.o and app.o).
.\STM324xG-EVAL\STM324xG-EVAL.axf: Error: L6200E: Symbol audio_dev multiply defined (by usb_dcd_int.o and app.o).
.\STM324xG-EVAL\STM324xG-EVAL.axf: Error: L6200E: Symbol audio_dev multiply defined (by usbd_audio_out_if.o and app.o).
.\STM324xG-EVAL\STM324xG-EVAL.axf: Error: L6200E: Symbol audio_dev multiply defined (by usbd_audio_core.o and app.o).
.\STM324xG-EVAL\STM324xG-EVAL.axf: Error: L6200E: Symbol audio_dev multiply defined (by usbd_req.o and app.o).
".\STM324xG-EVAL\STM324xG-EVAL.axf" - 5 Errors, 2 Warning(s).
Target not created
Build target 'STM324xG-EVAL_USBD-FS'
compiling app.c...
compiling stm32fxxx_it.c...
..\..\..\..\Utilities\STM32_EVAL\Common\lcd_log.h(136): warning:  #64-D: declaration does not declare anything
compiling usb_dcd_int.c...
..\..\..\..\Libraries\STM32_USB_OTG_Driver\src\usb_dcd_int.c(618): warning:  #177-D: variable "data" was declared but never referenced
compiling usbd_audio_out_if.c...
compiling usbd_audio_core.c...
compiling usbd_req.c...
linking...
.\STM324xG-EVAL\STM324xG-EVAL.axf: Error: L6218E: Undefined symbol PlayFlag (referred from app.o).
.\STM324xG-EVAL\STM324xG-EVAL.axf: Error: L6218E: Undefined symbol feed (referred from usb_dcd_int.o).
.\STM324xG-EVAL\STM324xG-EVAL.axf: Error: L6218E: Undefined symbol feed_freq (referred from usb_dcd_int.o).
.\STM324xG-EVAL\STM324xG-EVAL.axf: Error: L6218E: Undefined symbol last_size (referred from usb_dcd_int.o).
.\STM324xG-EVAL\STM324xG-EVAL.axf: Error: L6218E: Undefined symbol total_size (referred from usb_dcd_int.o).
.\STM324xG-EVAL\STM324xG-EVAL.axf: Error: L6218E: Undefined symbol wr_buf_pt (referred from usb_dcd_int.o).
".\STM324xG-EVAL\STM324xG-EVAL.axf" - 6 Errors, 2 Warning(s).
Target not created
Build target 'STM324xG-EVAL_USBD-FS'
compiling app.c...
..\src\app.c(228): error:  #20: identifier "PlayFlag" is undefined
compiling usb_dcd_int.c...
..\..\..\..\Libraries\STM32_USB_OTG_Driver\src\usb_dcd_int.c(634): error:  #20: identifier "wr_buf_pt" is undefined
..\..\..\..\Libraries\STM32_USB_OTG_Driver\src\usb_dcd_int.c(654): error:  #20: identifier "total_size" is undefined
..\..\..\..\Libraries\STM32_USB_OTG_Driver\src\usb_dcd_int.c(655): error:  #20: identifier "last_size" is undefined
..\..\..\..\Libraries\STM32_USB_OTG_Driver\src\usb_dcd_int.c(657): error:  #20: identifier "PlayFlag" is undefined
..\..\..\..\Libraries\STM32_USB_OTG_Driver\src\usb_dcd_int.c(660): warning:  #223-D: function "Audio_Play" declared implicitly
..\..\..\..\Libraries\STM32_USB_OTG_Driver\src\usb_dcd_int.c(661): error:  #20: identifier "feed_freq" is undefined
..\..\..\..\Libraries\STM32_USB_OTG_Driver\src\usb_dcd_int.c(662): error:  #20: identifier "feed" is undefined
..\..\..\..\Libraries\STM32_USB_OTG_Driver\src\usb_dcd_int.c(612): warning:  #177-D: variable "data" was declared but never referenced
".\STM324xG-EVAL\STM324xG-EVAL.axf" - 7 Errors, 2 Warning(s).
Target not created
Build target 'STM324xG-EVAL_USBD-FS'
compiling app.c...
compiling usb_dcd_int.c...
..\..\..\..\Libraries\STM32_USB_OTG_Driver\src\usb_dcd_int.c(660): warning:  #223-D: function "Audio_Play" declared implicitly
..\..\..\..\Libraries\STM32_USB_OTG_Driver\src\usb_dcd_int.c(612): warning:  #177-D: variable "data" was declared but never referenced
linking...
Program Size: Code=20176 RO-data=11492 RW-data=596 ZI-data=95156  
FromELF: creating hex file...
".\STM324xG-EVAL\STM324xG-EVAL.axf" - 0 Errors, 2 Warning(s).
Rebuild target 'STM324xG-EVAL_USBD-FS'
compiling app.c...
compiling stm32fxxx_it.c...
..\..\..\..\Utilities\STM32_EVAL\Common\lcd_log.h(136): warning:  #64-D: declaration does not declare anything
compiling usb_bsp.c...
compiling usbd_usr.c...
..\..\..\..\Utilities\STM32_EVAL\Common\lcd_log.h(136): warning:  #64-D: declaration does not declare anything
compiling misc.c...
compiling usbd_desc.c...
compiling stm324xg_usb_audio_codec.c...
compiling usb_dcd_int.c...
..\..\..\..\Libraries\STM32_USB_OTG_Driver\src\usb_dcd_int.c(612): warning:  #177-D: variable "data" was declared but never referenced
compiling usb_core.c...
compiling usb_dcd.c...
compiling usbd_audio_out_if.c...
compiling usbd_audio_core.c...
compiling usbd_req.c...
compiling usbd_core.c...
compiling usbd_ioreq.c...
assembling startup_stm32f4xx.s...
compiling system_stm32f4xx.c...
compiling stm32f4xx_usart.c...
compiling stm32f4xx_dma.c...
compiling stm32f4xx_exti.c...
compiling stm32f4xx_flash.c...
compiling stm32f4xx_fsmc.c...
compiling stm32f4xx_gpio.c...
compiling stm32f4xx_i2c.c...
compiling stm32f4xx_pwr.c...
compiling stm32f4xx_rcc.c...
compiling stm32f4xx_sdio.c...
compiling stm32f4xx_spi.c...
compiling stm32f4xx_tim.c...
compiling stm32f4xx_syscfg.c...
compiling stm324xg_eval_sdio_sd.c...
compiling stm324xg_eval.c...
compiling stm324xg_eval_ioe.c...
compiling stm324xg_eval_lcd.c...
linking...
Program Size: Code=20176 RO-data=11492 RW-data=596 ZI-data=95156  
FromELF: creating hex file...
".\STM324xG-EVAL\STM324xG-EVAL.axf" - 0 Errors, 3 Warning(s).
