<html>
<body>
<pre>
<h1>µVision Build Log</h1>
<h2>Project:</h2>
C:\Users\emy\Desktop\STM32_USB-Host-Device_Lib_V2.1.0\STM32_USB-Host-Device_Lib_V2.1.0\Project\USB_Device_Examples\AUDIO\MDK-ARM\usbd_audio.uvproj
Project File Date:  07/21/2017

<h2>Output:</h2>
Load "C:\\Users\\emy\\Desktop\\STM32_USB-Host-Device_Lib_V2.1.0\\STM32_USB-Host-Device_Lib_V2.1.0\\Project\\USB_Device_Examples\\AUDIO\\MDK-ARM\\STM324xG-EVAL\\STM324xG-EVAL.axf" 
Load "C:\\Users\\emy\\Desktop\\STM32_USB-Host-Device_Lib_V2.1.0\\STM32_USB-Host-Device_Lib_V2.1.0\\Project\\USB_Device_Examples\\AUDIO\\MDK-ARM\\STM324xG-EVAL\\STM324xG-EVAL.axf" 
Load "C:\\Users\\emy\\Desktop\\STM32_USB-Host-Device_Lib_V2.1.0\\STM32_USB-Host-Device_Lib_V2.1.0\\Project\\USB_Device_Examples\\AUDIO\\MDK-ARM\\STM324xG-EVAL\\STM324xG-EVAL.axf" 
Load "C:\\Users\\emy\\Desktop\\STM32_USB-Host-Device_Lib_V2.1.0\\STM32_USB-Host-Device_Lib_V2.1.0\\Project\\USB_Device_Examples\\AUDIO\\MDK-ARM\\STM324xG-EVAL\\STM324xG-EVAL.axf" 
Erase Done.
Programming Done.
Verify OK.
Build target 'STM324xG-EVAL_USBD-FS'
compiling usbd_audio_core.c...
compiling stm32f4xx_spi.c...
..\..\..\..\Libraries\STM32F4xx_StdPeriph_Driver\src\stm32f4xx_spi.c(487): warning:  #223-D: function "printf" declared implicitly
linking...
Program Size: Code=17944 RO-data=788 RW-data=480 ZI-data=95088  
FromELF: creating hex file...
".\STM324xG-EVAL\STM324xG-EVAL.axf" - 0 Errors, 1 Warning(s).
Build target 'STM324xG-EVAL_USBD-FS'
compiling stm32f4xx_spi.c...
linking...
Program Size: Code=17944 RO-data=788 RW-data=480 ZI-data=95088  
FromELF: creating hex file...
".\STM324xG-EVAL\STM324xG-EVAL.axf" - 0 Errors, 0 Warning(s).
Load "C:\\Users\\emy\\Desktop\\STM32_USB-Host-Device_Lib_V2.1.0\\STM32_USB-Host-Device_Lib_V2.1.0\\Project\\USB_Device_Examples\\AUDIO\\MDK-ARM\\STM324xG-EVAL\\STM324xG-EVAL.axf" 
Load "C:\\Users\\emy\\Desktop\\STM32_USB-Host-Device_Lib_V2.1.0\\STM32_USB-Host-Device_Lib_V2.1.0\\Project\\USB_Device_Examples\\AUDIO\\MDK-ARM\\STM324xG-EVAL\\STM324xG-EVAL.axf" 
Load "C:\\Users\\emy\\Desktop\\STM32_USB-Host-Device_Lib_V2.1.0\\STM32_USB-Host-Device_Lib_V2.1.0\\Project\\USB_Device_Examples\\AUDIO\\MDK-ARM\\STM324xG-EVAL\\STM324xG-EVAL.axf" 
Load "C:\\Users\\emy\\Desktop\\STM32_USB-Host-Device_Lib_V2.1.0\\STM32_USB-Host-Device_Lib_V2.1.0\\Project\\USB_Device_Examples\\AUDIO\\MDK-ARM\\STM324xG-EVAL\\STM324xG-EVAL.axf" 
Load "C:\\Users\\emy\\Desktop\\STM32_USB-Host-Device_Lib_V2.1.0\\STM32_USB-Host-Device_Lib_V2.1.0\\Project\\USB_Device_Examples\\AUDIO\\MDK-ARM\\STM324xG-EVAL\\STM324xG-EVAL.axf" 
Load "C:\\Users\\emy\\Desktop\\STM32_USB-Host-Device_Lib_V2.1.0\\STM32_USB-Host-Device_Lib_V2.1.0\\Project\\USB_Device_Examples\\AUDIO\\MDK-ARM\\STM324xG-EVAL\\STM324xG-EVAL.axf" 
Erase Done.
Programming Done.
Verify OK.
Build target 'STM324xG-EVAL_USBD-FS'
compiling usbd_audio_core.c...
linking...
Program Size: Code=17944 RO-data=788 RW-data=480 ZI-data=95088  
FromELF: creating hex file...
".\STM324xG-EVAL\STM324xG-EVAL.axf" - 0 Errors, 0 Warning(s).
Build target 'STM324xG-EVAL_USBD-FS'
linking...
Program Size: Code=17944 RO-data=788 RW-data=480 ZI-data=95088  
FromELF: creating hex file...
".\STM324xG-EVAL\STM324xG-EVAL.axf" - 0 Errors, 0 Warning(s).
Load "C:\\Users\\emy\\Desktop\\STM32_USB-Host-Device_Lib_V2.1.0\\STM32_USB-Host-Device_Lib_V2.1.0\\Project\\USB_Device_Examples\\AUDIO\\MDK-ARM\\STM324xG-EVAL\\STM324xG-EVAL.axf" 
Erase Done.
Programming Done.
Verify OK.
